INFO:     Started server process [34100]
INFO:     Waiting for application startup.
INFO:     Application startup complete.
INFO:     Uvicorn running on http://0.0.0.0:8000 (Press CTRL+C to quit)
2026-08-22 17:28:32,684 INFO sqlalchemy.engine.Engine select pg_catalog.version()
2026-08-22 17:28:32,684 INFO sqlalchemy.engine.Engine [raw sql] {}
2026-08-22 17:28:32,687 INFO sqlalchemy.engine.Engine select current_schema()
2026-08-22 17:28:32,687 INFO sqlalchemy.engine.Engine [raw sql] {}
2026-08-22 17:28:32,690 INFO sqlalchemy.engine.Engine show standard_conforming_strings
2026-08-22 17:28:32,690 INFO sqlalchemy.engine.Engine [raw sql] {}
2026-08-22 17:28:32,698 INFO sqlalchemy.engine.Engine BEGIN (implicit)
2026-08-22 17:28:32,705 INFO sqlalchemy.engine.Engine SELECT users.email, users.password_hash, users.name, users.last_seen_at, users.id, users.created_at 
FROM users 
WHERE users.email = %(email_1)s::VARCHAR
2026-08-22 17:28:32,705 INFO sqlalchemy.engine.Engine [generated in 0.00024s] {'email_1': 'collab_qnewujxb@t.dev'}
2026-08-22 17:28:32,934 INFO sqlalchemy.engine.Engine INSERT INTO users (email, password_hash, name, last_seen_at, id, created_at) VALUES (%(email)s::VARCHAR, %(password_hash)s::VARCHAR, %(name)s::VARCHAR, %(last_seen_at)s::TIMESTAMP WITH TIME ZONE, %(id)s::UUID, %(created_at)s::TIMESTAMP WITH TIME ZONE)
2026-08-22 17:28:32,934 INFO sqlalchemy.engine.Engine [generated in 0.00038s] {'email': 'collab_qnewujxb@t.dev', 'password_hash': '$2b$12$SOx7ZEayrewvunPiJIazpuzMP42q2g/sBRSx0kNaG3Sa/JPqu.VSK', 'name': 'collab_qnewu', 'last_seen_at': None, 'id': UUID('e658cd02-67a9-4c61-a1ba-b164fa60c34d'), 'created_at': datetime.datetime(2026, 8, 22, 11, 58, 32, 934682, tzinfo=datetime.timezone.utc)}
2026-08-22 17:28:32,936 INFO sqlalchemy.engine.Engine COMMIT
2026-08-22 17:28:32,940 INFO sqlalchemy.engine.Engine BEGIN (implicit)
2026-08-22 17:28:32,941 INFO sqlalchemy.engine.Engine SELECT users.email, users.password_hash, users.name, users.last_seen_at, users.id, users.created_at 
FROM users 
WHERE users.id = %(pk_1)s::UUID
2026-08-22 17:28:32,941 INFO sqlalchemy.engine.Engine [generated in 0.00018s] {'pk_1': UUID('e658cd02-67a9-4c61-a1ba-b164fa60c34d')}
INFO:     127.0.0.1:63356 - "POST /api/v1/auth/register HTTP/1.1" 201 Created
2026-08-22 17:28:32,945 INFO sqlalchemy.engine.Engine ROLLBACK
2026-08-22 17:28:32,955 INFO sqlalchemy.engine.Engine BEGIN (implicit)
2026-08-22 17:28:32,955 INFO sqlalchemy.engine.Engine SELECT users.email, users.password_hash, users.name, users.last_seen_at, users.id, users.created_at 
FROM users 
WHERE users.email = %(email_1)s::VARCHAR
2026-08-22 17:28:32,955 INFO sqlalchemy.engine.Engine [cached since 0.2512s ago] {'email_1': 'collab_qnewujxb@t.dev'}
INFO:     127.0.0.1:63356 - "POST /api/v1/auth/login HTTP/1.1" 200 OK
2026-08-22 17:28:33,163 INFO sqlalchemy.engine.Engine ROLLBACK
2026-08-22 17:28:33,166 INFO sqlalchemy.engine.Engine BEGIN (implicit)
2026-08-22 17:28:33,166 INFO sqlalchemy.engine.Engine SELECT users.email, users.password_hash, users.name, users.last_seen_at, users.id, users.created_at 
FROM users 
WHERE users.id = %(id_1)s::UUID
2026-08-22 17:28:33,166 INFO sqlalchemy.engine.Engine [generated in 0.00025s] {'id_1': UUID('e658cd02-67a9-4c61-a1ba-b164fa60c34d')}
INFO:     127.0.0.1:63356 - "GET /api/v1/auth/me HTTP/1.1" 200 OK
2026-08-22 17:28:33,166 INFO sqlalchemy.engine.Engine ROLLBACK
2026-08-22 17:28:33,184 INFO sqlalchemy.engine.Engine BEGIN (implicit)
2026-08-22 17:28:33,184 INFO sqlalchemy.engine.Engine SELECT users.email, users.password_hash, users.name, users.last_seen_at, users.id, users.created_at 
FROM users 
WHERE users.email = %(email_1)s::VARCHAR
2026-08-22 17:28:33,184 INFO sqlalchemy.engine.Engine [cached since 0.4903s ago] {'email_1': 'collab_fzgwofgt@t.dev'}
2026-08-22 17:28:33,384 INFO sqlalchemy.engine.Engine INSERT INTO users (email, password_hash, name, last_seen_at, id, created_at) VALUES (%(email)s::VARCHAR, %(password_hash)s::VARCHAR, %(name)s::VARCHAR, %(last_seen_at)s::TIMESTAMP WITH TIME ZONE, %(id)s::UUID, %(created_at)s::TIMESTAMP WITH TIME ZONE)
2026-08-22 17:28:33,384 INFO sqlalchemy.engine.Engine [cached since 0.4644s ago] {'email': 'collab_fzgwofgt@t.dev', 'password_hash': '$2b$12$kSXNTR9KF8JSekptXY4.V.UK4L3eneM6nxnAgJOBfnL0CFYNvH5Qm', 'name': 'collab_fzgwo', 'last_seen_at': None, 'id': UUID('3483e955-ef20-4bb5-af27-139c39e56631'), 'created_at': datetime.datetime(2026, 8, 22, 11, 58, 33, 384702, tzinfo=datetime.timezone.utc)}
2026-08-22 17:28:33,401 INFO sqlalchemy.engine.Engine COMMIT
2026-08-22 17:28:33,404 INFO sqlalchemy.engine.Engine BEGIN (implicit)
2026-08-22 17:28:33,404 INFO sqlalchemy.engine.Engine SELECT users.email, users.password_hash, users.name, users.last_seen_at, users.id, users.created_at 
FROM users 
WHERE users.id = %(pk_1)s::UUID
2026-08-22 17:28:33,404 INFO sqlalchemy.engine.Engine [cached since 0.4634s ago] {'pk_1': UUID('3483e955-ef20-4bb5-af27-139c39e56631')}
INFO:     127.0.0.1:63356 - "POST /api/v1/auth/register HTTP/1.1" 201 Created
2026-08-22 17:28:33,408 INFO sqlalchemy.engine.Engine ROLLBACK
2026-08-22 17:28:33,411 INFO sqlalchemy.engine.Engine BEGIN (implicit)
2026-08-22 17:28:33,411 INFO sqlalchemy.engine.Engine SELECT users.email, users.password_hash, users.name, users.last_seen_at, users.id, users.created_at 
FROM users 
WHERE users.email = %(email_1)s::VARCHAR
2026-08-22 17:28:33,411 INFO sqlalchemy.engine.Engine [cached since 0.7075s ago] {'email_1': 'collab_fzgwofgt@t.dev'}
INFO:     127.0.0.1:63356 - "POST /api/v1/auth/login HTTP/1.1" 200 OK
2026-08-22 17:28:33,617 INFO sqlalchemy.engine.Engine ROLLBACK
2026-08-22 17:28:33,619 INFO sqlalchemy.engine.Engine BEGIN (implicit)
2026-08-22 17:28:33,619 INFO sqlalchemy.engine.Engine SELECT users.email, users.password_hash, users.name, users.last_seen_at, users.id, users.created_at 
FROM users 
WHERE users.id = %(id_1)s::UUID
2026-08-22 17:28:33,619 INFO sqlalchemy.engine.Engine [cached since 0.4511s ago] {'id_1': UUID('3483e955-ef20-4bb5-af27-139c39e56631')}
INFO:     127.0.0.1:63356 - "GET /api/v1/auth/me HTTP/1.1" 200 OK
2026-08-22 17:28:33,622 INFO sqlalchemy.engine.Engine ROLLBACK
2026-08-22 17:28:33,624 INFO sqlalchemy.engine.Engine BEGIN (implicit)
2026-08-22 17:28:33,625 INFO sqlalchemy.engine.Engine SELECT users.email, users.password_hash, users.name, users.last_seen_at, users.id, users.created_at 
FROM users 
WHERE users.email = %(email_1)s::VARCHAR
2026-08-22 17:28:33,625 INFO sqlalchemy.engine.Engine [cached since 0.9202s ago] {'email_1': 'collab_namamdny@t.dev'}
2026-08-22 17:28:33,829 INFO sqlalchemy.engine.Engine INSERT INTO users (email, password_hash, name, last_seen_at, id, created_at) VALUES (%(email)s::VARCHAR, %(password_hash)s::VARCHAR, %(name)s::VARCHAR, %(last_seen_at)s::TIMESTAMP WITH TIME ZONE, %(id)s::UUID, %(created_at)s::TIMESTAMP WITH TIME ZONE)
2026-08-22 17:28:33,829 INFO sqlalchemy.engine.Engine [cached since 0.8948s ago] {'email': 'collab_namamdny@t.dev', 'password_hash': '$2b$12$5jxoX5vhHMQlrm0WtFBOS.XiXHAylQqe4tlQ14QrhCkHqkYawQSEq', 'name': 'collab_namam', 'last_seen_at': None, 'id': UUID('5df1835e-fd0e-4dc8-ab26-09fbcf030061'), 'created_at': datetime.datetime(2026, 8, 22, 11, 58, 33, 829072, tzinfo=datetime.timezone.utc)}
2026-08-22 17:28:33,831 INFO sqlalchemy.engine.Engine COMMIT
2026-08-22 17:28:33,834 INFO sqlalchemy.engine.Engine BEGIN (implicit)
2026-08-22 17:28:33,834 INFO sqlalchemy.engine.Engine SELECT users.email, users.password_hash, users.name, users.last_seen_at, users.id, users.created_at 
FROM users 
WHERE users.id = %(pk_1)s::UUID
2026-08-22 17:28:33,834 INFO sqlalchemy.engine.Engine [cached since 0.8955s ago] {'pk_1': UUID('5df1835e-fd0e-4dc8-ab26-09fbcf030061')}
INFO:     127.0.0.1:63356 - "POST /api/v1/auth/register HTTP/1.1" 201 Created
2026-08-22 17:28:33,834 INFO sqlalchemy.engine.Engine ROLLBACK
2026-08-22 17:28:33,834 INFO sqlalchemy.engine.Engine BEGIN (implicit)
2026-08-22 17:28:33,834 INFO sqlalchemy.engine.Engine SELECT users.email, users.password_hash, users.name, users.last_seen_at, users.id, users.created_at 
FROM users 
WHERE users.email = %(email_1)s::VARCHAR
2026-08-22 17:28:33,834 INFO sqlalchemy.engine.Engine [cached since 1.138s ago] {'email_1': 'collab_namamdny@t.dev'}
INFO:     127.0.0.1:63356 - "POST /api/v1/auth/login HTTP/1.1" 200 OK
2026-08-22 17:28:34,054 INFO sqlalchemy.engine.Engine ROLLBACK
2026-08-22 17:28:34,054 INFO sqlalchemy.engine.Engine BEGIN (implicit)
2026-08-22 17:28:34,054 INFO sqlalchemy.engine.Engine SELECT users.email, users.password_hash, users.name, users.last_seen_at, users.id, users.created_at 
FROM users 
WHERE users.id = %(id_1)s::UUID
2026-08-22 17:28:34,054 INFO sqlalchemy.engine.Engine [cached since 0.8897s ago] {'id_1': UUID('5df1835e-fd0e-4dc8-ab26-09fbcf030061')}
INFO:     127.0.0.1:63356 - "GET /api/v1/auth/me HTTP/1.1" 200 OK
2026-08-22 17:28:34,054 INFO sqlalchemy.engine.Engine ROLLBACK
2026-08-22 17:28:34,075 INFO sqlalchemy.engine.Engine BEGIN (implicit)
2026-08-22 17:28:34,076 INFO sqlalchemy.engine.Engine SELECT users.email, users.password_hash, users.name, users.last_seen_at, users.id, users.created_at 
FROM users 
WHERE users.id = %(id_1)s::UUID
2026-08-22 17:28:34,076 INFO sqlalchemy.engine.Engine [cached since 0.9075s ago] {'id_1': UUID('e658cd02-67a9-4c61-a1ba-b164fa60c34d')}
2026-08-22 17:28:34,080 INFO sqlalchemy.engine.Engine SELECT workspaces.name, workspaces.slug, workspaces.created_by, workspaces.id, workspaces.created_at 
FROM workspaces 
WHERE workspaces.slug = %(slug_1)s::VARCHAR
2026-08-22 17:28:34,080 INFO sqlalchemy.engine.Engine [generated in 0.00030s] {'slug_1': 'collabws'}
2026-08-22 17:28:34,084 INFO sqlalchemy.engine.Engine INSERT INTO workspaces (name, slug, created_by, id, created_at) VALUES (%(name)s::VARCHAR, %(slug)s::VARCHAR, %(created_by)s::UUID, %(id)s::UUID, %(created_at)s::TIMESTAMP WITH TIME ZONE)
2026-08-22 17:28:34,084 INFO sqlalchemy.engine.Engine [generated in 0.00034s] {'name': 'CollabWS', 'slug': 'collabws', 'created_by': UUID('e658cd02-67a9-4c61-a1ba-b164fa60c34d'), 'id': UUID('ab49b4b0-39d3-449c-9568-8b10935c4527'), 'created_at': datetime.datetime(2026, 8, 22, 11, 58, 34, 83604, tzinfo=datetime.timezone.utc)}
2026-08-22 17:28:34,087 INFO sqlalchemy.engine.Engine INSERT INTO workspace_members (workspace_id, user_id, role, id, created_at) VALUES (%(workspace_id)s::UUID, %(user_id)s::UUID, %(role)s, %(id)s::UUID, %(created_at)s::TIMESTAMP WITH TIME ZONE)
2026-08-22 17:28:34,087 INFO sqlalchemy.engine.Engine [generated in 0.00024s] {'workspace_id': UUID('ab49b4b0-39d3-449c-9568-8b10935c4527'), 'user_id': UUID('e658cd02-67a9-4c61-a1ba-b164fa60c34d'), 'role': 'admin', 'id': UUID('ddd17bad-09fd-4f56-b5c2-ee230901ac31'), 'created_at': datetime.datetime(2026, 8, 22, 11, 58, 34, 87343, tzinfo=datetime.timezone.utc)}
2026-08-22 17:28:34,089 INFO sqlalchemy.engine.Engine COMMIT
2026-08-22 17:28:34,091 INFO sqlalchemy.engine.Engine BEGIN (implicit)
2026-08-22 17:28:34,092 INFO sqlalchemy.engine.Engine SELECT workspaces.name, workspaces.slug, workspaces.created_by, workspaces.id, workspaces.created_at 
FROM workspaces 
WHERE workspaces.id = %(pk_1)s::UUID
2026-08-22 17:28:34,092 INFO sqlalchemy.engine.Engine [generated in 0.00013s] {'pk_1': UUID('ab49b4b0-39d3-449c-9568-8b10935c4527')}
INFO:     127.0.0.1:63356 - "POST /api/v1/workspaces HTTP/1.1" 201 Created
2026-08-22 17:28:34,097 INFO sqlalchemy.engine.Engine ROLLBACK
2026-08-22 17:28:34,100 INFO sqlalchemy.engine.Engine BEGIN (implicit)
2026-08-22 17:28:34,100 INFO sqlalchemy.engine.Engine SELECT users.email, users.password_hash, users.name, users.last_seen_at, users.id, users.created_at 
FROM users 
WHERE users.id = %(id_1)s::UUID
2026-08-22 17:28:34,100 INFO sqlalchemy.engine.Engine [cached since 0.9339s ago] {'id_1': UUID('e658cd02-67a9-4c61-a1ba-b164fa60c34d')}
2026-08-22 17:28:34,102 INFO sqlalchemy.engine.Engine SELECT workspace_members.workspace_id, workspace_members.user_id, workspace_members.role, workspace_members.id, workspace_members.created_at 
FROM workspace_members 
WHERE workspace_members.workspace_id = %(workspace_id_1)s::UUID AND workspace_members.user_id = %(user_id_1)s::UUID
2026-08-22 17:28:34,102 INFO sqlalchemy.engine.Engine [generated in 0.00021s] {'workspace_id_1': UUID('ab49b4b0-39d3-449c-9568-8b10935c4527'), 'user_id_1': UUID('e658cd02-67a9-4c61-a1ba-b164fa60c34d')}
2026-08-22 17:28:34,102 INFO sqlalchemy.engine.Engine SELECT workspace_members.user_id 
FROM workspace_members JOIN users ON users.id = workspace_members.user_id 
WHERE workspace_members.workspace_id = %(workspace_id_1)s::UUID AND users.email = %(email_1)s::VARCHAR
2026-08-22 17:28:34,102 INFO sqlalchemy.engine.Engine [generated in 0.00023s] {'workspace_id_1': UUID('ab49b4b0-39d3-449c-9568-8b10935c4527'), 'email_1': 'collab_fzgwofgt@t.dev'}
2026-08-22 17:28:34,102 INFO sqlalchemy.engine.Engine SELECT invitations.workspace_id, invitations.inviter_id, invitations.email, invitations.role, invitations.status, invitations.expires_at, invitations.id, invitations.created_at 
FROM invitations 
WHERE invitations.workspace_id = %(workspace_id_1)s::UUID AND invitations.email = %(email_1)s::VARCHAR AND invitations.status = %(status_1)s
2026-08-22 17:28:34,102 INFO sqlalchemy.engine.Engine [generated in 0.00022s] {'workspace_id_1': UUID('ab49b4b0-39d3-449c-9568-8b10935c4527'), 'email_1': 'collab_fzgwofgt@t.dev', 'status_1': 'pending'}
2026-08-22 17:28:34,118 INFO sqlalchemy.engine.Engine INSERT INTO invitations (workspace_id, inviter_id, email, role, status, expires_at, id, created_at) VALUES (%(workspace_id)s::UUID, %(inviter_id)s::UUID, %(email)s::VARCHAR, %(role)s, %(status)s, %(expires_at)s::TIMESTAMP WITH TIME ZONE, %(id)s::UUID, %(created_at)s::TIMESTAMP WITH TIME ZONE)
2026-08-22 17:28:34,118 INFO sqlalchemy.engine.Engine [generated in 0.00036s] {'workspace_id': UUID('ab49b4b0-39d3-449c-9568-8b10935c4527'), 'inviter_id': UUID('e658cd02-67a9-4c61-a1ba-b164fa60c34d'), 'email': 'collab_fzgwofgt@t.dev', 'role': 'member', 'status': 'pending', 'expires_at': datetime.datetime(2026, 8, 29, 11, 58, 34, 118956, tzinfo=datetime.timezone.utc), 'id': UUID('cc7b6a4e-6349-4339-a2e3-c98bda66b3bd'), 'created_at': datetime.datetime(2026, 8, 22, 11, 58, 34, 118956, tzinfo=datetime.timezone.utc)}
2026-08-22 17:28:34,124 INFO sqlalchemy.engine.Engine COMMIT
2026-08-22 17:28:34,127 INFO sqlalchemy.engine.Engine BEGIN (implicit)
2026-08-22 17:28:34,127 INFO sqlalchemy.engine.Engine SELECT invitations.workspace_id, invitations.inviter_id, invitations.email, invitations.role, invitations.status, invitations.expires_at, invitations.id, invitations.created_at 
FROM invitations 
WHERE invitations.id = %(pk_1)s::UUID
2026-08-22 17:28:34,127 INFO sqlalchemy.engine.Engine [generated in 0.00014s] {'pk_1': UUID('cc7b6a4e-6349-4339-a2e3-c98bda66b3bd')}
INFO:     127.0.0.1:63356 - "POST /api/v1/workspaces/ab49b4b0-39d3-449c-9568-8b10935c4527/members HTTP/1.1" 201 Created
2026-08-22 17:28:34,133 INFO sqlalchemy.engine.Engine ROLLBACK
2026-08-22 17:28:34,136 INFO sqlalchemy.engine.Engine BEGIN (implicit)
2026-08-22 17:28:34,137 INFO sqlalchemy.engine.Engine SELECT users.email, users.password_hash, users.name, users.last_seen_at, users.id, users.created_at 
FROM users 
WHERE users.id = %(id_1)s::UUID
2026-08-22 17:28:34,137 INFO sqlalchemy.engine.Engine [cached since 0.9684s ago] {'id_1': UUID('e658cd02-67a9-4c61-a1ba-b164fa60c34d')}
2026-08-22 17:28:34,140 INFO sqlalchemy.engine.Engine SELECT workspace_members.workspace_id, workspace_members.user_id, workspace_members.role, workspace_members.id, workspace_members.created_at 
FROM workspace_members 
WHERE workspace_members.workspace_id = %(workspace_id_1)s::UUID AND workspace_members.user_id = %(user_id_1)s::UUID
2026-08-22 17:28:34,140 INFO sqlalchemy.engine.Engine [cached since 0.03452s ago] {'workspace_id_1': UUID('ab49b4b0-39d3-449c-9568-8b10935c4527'), 'user_id_1': UUID('e658cd02-67a9-4c61-a1ba-b164fa60c34d')}
2026-08-22 17:28:34,142 INFO sqlalchemy.engine.Engine SELECT workspace_members.user_id 
FROM workspace_members JOIN users ON users.id = workspace_members.user_id 
WHERE workspace_members.workspace_id = %(workspace_id_1)s::UUID AND users.email = %(email_1)s::VARCHAR
2026-08-22 17:28:34,143 INFO sqlalchemy.engine.Engine [cached since 0.03349s ago] {'workspace_id_1': UUID('ab49b4b0-39d3-449c-9568-8b10935c4527'), 'email_1': 'collab_namamdny@t.dev'}
2026-08-22 17:28:34,145 INFO sqlalchemy.engine.Engine SELECT invitations.workspace_id, invitations.inviter_id, invitations.email, invitations.role, invitations.status, invitations.expires_at, invitations.id, invitations.created_at 
FROM invitations 
WHERE invitations.workspace_id = %(workspace_id_1)s::UUID AND invitations.email = %(email_1)s::VARCHAR AND invitations.status = %(status_1)s
2026-08-22 17:28:34,145 INFO sqlalchemy.engine.Engine [cached since 0.03165s ago] {'workspace_id_1': UUID('ab49b4b0-39d3-449c-9568-8b10935c4527'), 'email_1': 'collab_namamdny@t.dev', 'status_1': 'pending'}
2026-08-22 17:28:34,148 INFO sqlalchemy.engine.Engine INSERT INTO invitations (workspace_id, inviter_id, email, role, status, expires_at, id, created_at) VALUES (%(workspace_id)s::UUID, %(inviter_id)s::UUID, %(email)s::VARCHAR, %(role)s, %(status)s, %(expires_at)s::TIMESTAMP WITH TIME ZONE, %(id)s::UUID, %(created_at)s::TIMESTAMP WITH TIME ZONE)
2026-08-22 17:28:34,148 INFO sqlalchemy.engine.Engine [cached since 0.02696s ago] {'workspace_id': UUID('ab49b4b0-39d3-449c-9568-8b10935c4527'), 'inviter_id': UUID('e658cd02-67a9-4c61-a1ba-b164fa60c34d'), 'email': 'collab_namamdny@t.dev', 'role': 'member', 'status': 'pending', 'expires_at': datetime.datetime(2026, 8, 29, 11, 58, 34, 148249, tzinfo=datetime.timezone.utc), 'id': UUID('22cdee44-7941-49c8-817d-9531b2d467e2'), 'created_at': datetime.datetime(2026, 8, 22, 11, 58, 34, 148249, tzinfo=datetime.timezone.utc)}
2026-08-22 17:28:34,150 INFO sqlalchemy.engine.Engine COMMIT
2026-08-22 17:28:34,153 INFO sqlalchemy.engine.Engine BEGIN (implicit)
2026-08-22 17:28:34,154 INFO sqlalchemy.engine.Engine SELECT invitations.workspace_id, invitations.inviter_id, invitations.email, invitations.role, invitations.status, invitations.expires_at, invitations.id, invitations.created_at 
FROM invitations 
WHERE invitations.id = %(pk_1)s::UUID
2026-08-22 17:28:34,154 INFO sqlalchemy.engine.Engine [cached since 0.02549s ago] {'pk_1': UUID('22cdee44-7941-49c8-817d-9531b2d467e2')}
INFO:     127.0.0.1:63356 - "POST /api/v1/workspaces/ab49b4b0-39d3-449c-9568-8b10935c4527/members HTTP/1.1" 201 Created
2026-08-22 17:28:34,158 INFO sqlalchemy.engine.Engine ROLLBACK
2026-08-22 17:28:34,161 INFO sqlalchemy.engine.Engine BEGIN (implicit)
2026-08-22 17:28:34,161 INFO sqlalchemy.engine.Engine SELECT users.email, users.password_hash, users.name, users.last_seen_at, users.id, users.created_at 
FROM users 
WHERE users.id = %(id_1)s::UUID
2026-08-22 17:28:34,161 INFO sqlalchemy.engine.Engine [cached since 0.9934s ago] {'id_1': UUID('3483e955-ef20-4bb5-af27-139c39e56631')}
2026-08-22 17:28:34,166 INFO sqlalchemy.engine.Engine SELECT workspace_members.workspace_id, workspace_members.user_id, workspace_members.role, workspace_members.id, workspace_members.created_at 
FROM workspace_members 
WHERE workspace_members.workspace_id = %(workspace_id_1)s::UUID AND workspace_members.user_id = %(user_id_1)s::UUID
2026-08-22 17:28:34,166 INFO sqlalchemy.engine.Engine [cached since 0.06053s ago] {'workspace_id_1': UUID('ab49b4b0-39d3-449c-9568-8b10935c4527'), 'user_id_1': UUID('3483e955-ef20-4bb5-af27-139c39e56631')}
2026-08-22 17:28:34,166 INFO sqlalchemy.engine.Engine ROLLBACK
INFO:     127.0.0.1:63356 - "GET /api/v1/workspaces/ab49b4b0-39d3-449c-9568-8b10935c4527/members HTTP/1.1" 404 Not Found
2026-08-22 17:28:34,184 INFO sqlalchemy.engine.Engine BEGIN (implicit)
2026-08-22 17:28:34,184 INFO sqlalchemy.engine.Engine SELECT users.email, users.password_hash, users.name, users.last_seen_at, users.id, users.created_at 
FROM users 
WHERE users.id = %(id_1)s::UUID
2026-08-22 17:28:34,184 INFO sqlalchemy.engine.Engine [cached since 1.021s ago] {'id_1': UUID('3483e955-ef20-4bb5-af27-139c39e56631')}
2026-08-22 17:28:34,184 INFO sqlalchemy.engine.Engine SELECT invitations.workspace_id, invitations.inviter_id, invitations.email, invitations.role, invitations.status, invitations.expires_at, invitations.id, invitations.created_at 
FROM invitations 
WHERE invitations.email = %(email_1)s::VARCHAR AND invitations.status = %(status_1)s
2026-08-22 17:28:34,184 INFO sqlalchemy.engine.Engine [generated in 0.00027s] {'email_1': 'collab_fzgwofgt@t.dev', 'status_1': 'pending'}
INFO:     127.0.0.1:63356 - "GET /api/v1/invitations HTTP/1.1" 200 OK
2026-08-22 17:28:34,184 INFO sqlalchemy.engine.Engine ROLLBACK
2026-08-22 17:28:34,184 INFO sqlalchemy.engine.Engine BEGIN (implicit)
2026-08-22 17:28:34,184 INFO sqlalchemy.engine.Engine SELECT users.email, users.password_hash, users.name, users.last_seen_at, users.id, users.created_at 
FROM users 
WHERE users.id = %(id_1)s::UUID
2026-08-22 17:28:34,184 INFO sqlalchemy.engine.Engine [cached since 1.031s ago] {'id_1': UUID('3483e955-ef20-4bb5-af27-139c39e56631')}
2026-08-22 17:28:34,202 INFO sqlalchemy.engine.Engine SELECT invitations.workspace_id, invitations.inviter_id, invitations.email, invitations.role, invitations.status, invitations.expires_at, invitations.id, invitations.created_at 
FROM invitations 
WHERE invitations.id = %(id_1)s::UUID AND invitations.email = %(email_1)s::VARCHAR AND invitations.status = %(status_1)s
2026-08-22 17:28:34,202 INFO sqlalchemy.engine.Engine [generated in 0.00021s] {'id_1': UUID('cc7b6a4e-6349-4339-a2e3-c98bda66b3bd'), 'email_1': 'collab_fzgwofgt@t.dev', 'status_1': 'pending'}
2026-08-22 17:28:34,206 INFO sqlalchemy.engine.Engine SELECT workspaces.name AS workspaces_name, workspaces.slug AS workspaces_slug, workspaces.created_by AS workspaces_created_by, workspaces.id AS workspaces_id, workspaces.created_at AS workspaces_created_at 
FROM workspaces 
WHERE workspaces.id = %(pk_1)s::UUID
2026-08-22 17:28:34,206 INFO sqlalchemy.engine.Engine [generated in 0.00023s] {'pk_1': UUID('ab49b4b0-39d3-449c-9568-8b10935c4527')}
2026-08-22 17:28:34,209 INFO sqlalchemy.engine.Engine SELECT users.email AS users_email, users.password_hash AS users_password_hash, users.name AS users_name, users.last_seen_at AS users_last_seen_at, users.id AS users_id, users.created_at AS users_created_at 
FROM users 
WHERE users.id = %(pk_1)s::UUID
2026-08-22 17:28:34,209 INFO sqlalchemy.engine.Engine [generated in 0.00019s] {'pk_1': UUID('e658cd02-67a9-4c61-a1ba-b164fa60c34d')}
INFO:     127.0.0.1:63356 - "GET /api/v1/invitations/cc7b6a4e-6349-4339-a2e3-c98bda66b3bd/workspace HTTP/1.1" 200 OK
2026-08-22 17:28:34,211 INFO sqlalchemy.engine.Engine ROLLBACK
2026-08-22 17:28:34,215 INFO sqlalchemy.engine.Engine BEGIN (implicit)
2026-08-22 17:28:34,215 INFO sqlalchemy.engine.Engine SELECT users.email, users.password_hash, users.name, users.last_seen_at, users.id, users.created_at 
FROM users 
WHERE users.id = %(id_1)s::UUID
2026-08-22 17:28:34,215 INFO sqlalchemy.engine.Engine [cached since 1.047s ago] {'id_1': UUID('3483e955-ef20-4bb5-af27-139c39e56631')}
2026-08-22 17:28:34,219 INFO sqlalchemy.engine.Engine SELECT invitations.workspace_id, invitations.inviter_id, invitations.email, invitations.role, invitations.status, invitations.expires_at, invitations.id, invitations.created_at 
FROM invitations 
WHERE invitations.id = %(id_1)s::UUID AND invitations.email = %(email_1)s::VARCHAR AND invitations.status = %(status_1)s
2026-08-22 17:28:34,219 INFO sqlalchemy.engine.Engine [cached since 0.01625s ago] {'id_1': UUID('cc7b6a4e-6349-4339-a2e3-c98bda66b3bd'), 'email_1': 'collab_fzgwofgt@t.dev', 'status_1': 'pending'}
2026-08-22 17:28:34,221 INFO sqlalchemy.engine.Engine SELECT workspace_members.workspace_id, workspace_members.user_id, workspace_members.role, workspace_members.id, workspace_members.created_at 
FROM workspace_members 
WHERE workspace_members.workspace_id = %(workspace_id_1)s::UUID AND workspace_members.user_id = %(user_id_1)s::UUID
2026-08-22 17:28:34,221 INFO sqlalchemy.engine.Engine [cached since 0.1157s ago] {'workspace_id_1': UUID('ab49b4b0-39d3-449c-9568-8b10935c4527'), 'user_id_1': UUID('3483e955-ef20-4bb5-af27-139c39e56631')}
2026-08-22 17:28:34,224 INFO sqlalchemy.engine.Engine UPDATE invitations SET status=%(status)s WHERE invitations.id = %(invitations_id)s::UUID
2026-08-22 17:28:34,224 INFO sqlalchemy.engine.Engine [generated in 0.00020s] {'status': 'accepted', 'invitations_id': UUID('cc7b6a4e-6349-4339-a2e3-c98bda66b3bd')}
2026-08-22 17:28:34,227 INFO sqlalchemy.engine.Engine INSERT INTO workspace_members (workspace_id, user_id, role, id, created_at) VALUES (%(workspace_id)s::UUID, %(user_id)s::UUID, %(role)s, %(id)s::UUID, %(created_at)s::TIMESTAMP WITH TIME ZONE)
2026-08-22 17:28:34,227 INFO sqlalchemy.engine.Engine [cached since 0.1403s ago] {'workspace_id': UUID('ab49b4b0-39d3-449c-9568-8b10935c4527'), 'user_id': UUID('3483e955-ef20-4bb5-af27-139c39e56631'), 'role': 'member', 'id': UUID('9837911d-cb95-4f33-aab1-3c4162e88fda'), 'created_at': datetime.datetime(2026, 8, 22, 11, 58, 34, 227434, tzinfo=datetime.timezone.utc)}
2026-08-22 17:28:34,229 INFO sqlalchemy.engine.Engine COMMIT
2026-08-22 17:28:34,232 INFO sqlalchemy.engine.Engine BEGIN (implicit)
2026-08-22 17:28:34,233 INFO sqlalchemy.engine.Engine SELECT invitations.workspace_id, invitations.inviter_id, invitations.email, invitations.role, invitations.status, invitations.expires_at, invitations.id, invitations.created_at 
FROM invitations 
WHERE invitations.id = %(pk_1)s::UUID
2026-08-22 17:28:34,233 INFO sqlalchemy.engine.Engine [cached since 0.1046s ago] {'pk_1': UUID('cc7b6a4e-6349-4339-a2e3-c98bda66b3bd')}
INFO:     127.0.0.1:63356 - "POST /api/v1/invitations/cc7b6a4e-6349-4339-a2e3-c98bda66b3bd/accept HTTP/1.1" 200 OK
2026-08-22 17:28:34,233 INFO sqlalchemy.engine.Engine ROLLBACK
2026-08-22 17:28:34,233 INFO sqlalchemy.engine.Engine BEGIN (implicit)
2026-08-22 17:28:34,233 INFO sqlalchemy.engine.Engine SELECT users.email, users.password_hash, users.name, users.last_seen_at, users.id, users.created_at 
FROM users 
WHERE users.id = %(id_1)s::UUID
2026-08-22 17:28:34,233 INFO sqlalchemy.engine.Engine [cached since 1.072s ago] {'id_1': UUID('5df1835e-fd0e-4dc8-ab26-09fbcf030061')}
2026-08-22 17:28:34,233 INFO sqlalchemy.engine.Engine UPDATE users SET last_seen_at=%(last_seen_at)s::TIMESTAMP WITH TIME ZONE WHERE users.id = %(users_id)s::UUID
2026-08-22 17:28:34,233 INFO sqlalchemy.engine.Engine [generated in 0.00019s] {'last_seen_at': datetime.datetime(2026, 8, 22, 11, 58, 34, 233421, tzinfo=datetime.timezone.utc), 'users_id': UUID('5df1835e-fd0e-4dc8-ab26-09fbcf030061')}
2026-08-22 17:28:34,233 INFO sqlalchemy.engine.Engine COMMIT
INFO:     127.0.0.1:63356 - "POST /api/v1/presence/ping HTTP/1.1" 204 No Content
2026-08-22 17:28:34,251 INFO sqlalchemy.engine.Engine BEGIN (implicit)
2026-08-22 17:28:34,251 INFO sqlalchemy.engine.Engine SELECT users.email, users.password_hash, users.name, users.last_seen_at, users.id, users.created_at 
FROM users 
WHERE users.id = %(id_1)s::UUID
2026-08-22 17:28:34,251 INFO sqlalchemy.engine.Engine [cached since 1.085s ago] {'id_1': UUID('5df1835e-fd0e-4dc8-ab26-09fbcf030061')}
2026-08-22 17:28:34,251 INFO sqlalchemy.engine.Engine SELECT invitations.workspace_id, invitations.inviter_id, invitations.email, invitations.role, invitations.status, invitations.expires_at, invitations.id, invitations.created_at 
FROM invitations 
WHERE invitations.email = %(email_1)s::VARCHAR AND invitations.status = %(status_1)s
2026-08-22 17:28:34,251 INFO sqlalchemy.engine.Engine [cached since 0.06367s ago] {'email_1': 'collab_namamdny@t.dev', 'status_1': 'pending'}
INFO:     127.0.0.1:63356 - "GET /api/v1/invitations HTTP/1.1" 200 OK
2026-08-22 17:28:34,251 INFO sqlalchemy.engine.Engine ROLLBACK
2026-08-22 17:28:34,251 INFO sqlalchemy.engine.Engine BEGIN (implicit)
2026-08-22 17:28:34,251 INFO sqlalchemy.engine.Engine SELECT users.email, users.password_hash, users.name, users.last_seen_at, users.id, users.created_at 
FROM users 
WHERE users.id = %(id_1)s::UUID
2026-08-22 17:28:34,251 INFO sqlalchemy.engine.Engine [cached since 1.093s ago] {'id_1': UUID('5df1835e-fd0e-4dc8-ab26-09fbcf030061')}
2026-08-22 17:28:34,251 INFO sqlalchemy.engine.Engine SELECT invitations.workspace_id, invitations.inviter_id, invitations.email, invitations.role, invitations.status, invitations.expires_at, invitations.id, invitations.created_at 
FROM invitations 
WHERE invitations.id = %(id_1)s::UUID AND invitations.email = %(email_1)s::VARCHAR AND invitations.status = %(status_1)s
2026-08-22 17:28:34,251 INFO sqlalchemy.engine.Engine [cached since 0.06135s ago] {'id_1': UUID('22cdee44-7941-49c8-817d-9531b2d467e2'), 'email_1': 'collab_namamdny@t.dev', 'status_1': 'pending'}
2026-08-22 17:28:34,266 INFO sqlalchemy.engine.Engine SELECT workspace_members.workspace_id, workspace_members.user_id, workspace_members.role, workspace_members.id, workspace_members.created_at 
FROM workspace_members 
WHERE workspace_members.workspace_id = %(workspace_id_1)s::UUID AND workspace_members.user_id = %(user_id_1)s::UUID
2026-08-22 17:28:34,266 INFO sqlalchemy.engine.Engine [cached since 0.1613s ago] {'workspace_id_1': UUID('ab49b4b0-39d3-449c-9568-8b10935c4527'), 'user_id_1': UUID('5df1835e-fd0e-4dc8-ab26-09fbcf030061')}
2026-08-22 17:28:34,269 INFO sqlalchemy.engine.Engine UPDATE invitations SET status=%(status)s WHERE invitations.id = %(invitations_id)s::UUID
2026-08-22 17:28:34,270 INFO sqlalchemy.engine.Engine [cached since 0.04584s ago] {'status': 'accepted', 'invitations_id': UUID('22cdee44-7941-49c8-817d-9531b2d467e2')}
2026-08-22 17:28:34,272 INFO sqlalchemy.engine.Engine INSERT INTO workspace_members (workspace_id, user_id, role, id, created_at) VALUES (%(workspace_id)s::UUID, %(user_id)s::UUID, %(role)s, %(id)s::UUID, %(created_at)s::TIMESTAMP WITH TIME ZONE)
2026-08-22 17:28:34,272 INFO sqlalchemy.engine.Engine [cached since 0.1856s ago] {'workspace_id': UUID('ab49b4b0-39d3-449c-9568-8b10935c4527'), 'user_id': UUID('5df1835e-fd0e-4dc8-ab26-09fbcf030061'), 'role': 'member', 'id': UUID('13875c72-6bfc-4139-bb5f-3e216b4f0460'), 'created_at': datetime.datetime(2026, 8, 22, 11, 58, 34, 272810, tzinfo=datetime.timezone.utc)}
2026-08-22 17:28:34,274 INFO sqlalchemy.engine.Engine COMMIT
2026-08-22 17:28:34,277 INFO sqlalchemy.engine.Engine BEGIN (implicit)
2026-08-22 17:28:34,277 INFO sqlalchemy.engine.Engine SELECT invitations.workspace_id, invitations.inviter_id, invitations.email, invitations.role, invitations.status, invitations.expires_at, invitations.id, invitations.created_at 
FROM invitations 
WHERE invitations.id = %(pk_1)s::UUID
2026-08-22 17:28:34,277 INFO sqlalchemy.engine.Engine [cached since 0.1493s ago] {'pk_1': UUID('22cdee44-7941-49c8-817d-9531b2d467e2')}
INFO:     127.0.0.1:63356 - "POST /api/v1/invitations/22cdee44-7941-49c8-817d-9531b2d467e2/accept HTTP/1.1" 200 OK
2026-08-22 17:28:34,281 INFO sqlalchemy.engine.Engine ROLLBACK
2026-08-22 17:28:34,283 INFO sqlalchemy.engine.Engine BEGIN (implicit)
2026-08-22 17:28:34,283 INFO sqlalchemy.engine.Engine SELECT users.email, users.password_hash, users.name, users.last_seen_at, users.id, users.created_at 
FROM users 
WHERE users.id = %(id_1)s::UUID
2026-08-22 17:28:34,283 INFO sqlalchemy.engine.Engine [cached since 1.116s ago] {'id_1': UUID('e658cd02-67a9-4c61-a1ba-b164fa60c34d')}
2026-08-22 17:28:34,286 INFO sqlalchemy.engine.Engine SELECT workspace_members.workspace_id, workspace_members.user_id, workspace_members.role, workspace_members.id, workspace_members.created_at 
FROM workspace_members 
WHERE workspace_members.workspace_id = %(workspace_id_1)s::UUID AND workspace_members.user_id = %(user_id_1)s::UUID
2026-08-22 17:28:34,286 INFO sqlalchemy.engine.Engine [cached since 0.1813s ago] {'workspace_id_1': UUID('ab49b4b0-39d3-449c-9568-8b10935c4527'), 'user_id_1': UUID('e658cd02-67a9-4c61-a1ba-b164fa60c34d')}
2026-08-22 17:28:34,289 INFO sqlalchemy.engine.Engine SELECT workspace_members.workspace_id, workspace_members.user_id, workspace_members.role, workspace_members.id, workspace_members.created_at, users.email, users.password_hash, users.name, users.last_seen_at, users.id AS id_1, users.created_at AS created_at_1 
FROM workspace_members JOIN users ON users.id = workspace_members.user_id 
WHERE workspace_members.workspace_id = %(workspace_id_1)s::UUID
2026-08-22 17:28:34,289 INFO sqlalchemy.engine.Engine [generated in 0.00025s] {'workspace_id_1': UUID('ab49b4b0-39d3-449c-9568-8b10935c4527')}
INFO:     127.0.0.1:63356 - "GET /api/v1/workspaces/ab49b4b0-39d3-449c-9568-8b10935c4527/members HTTP/1.1" 200 OK
2026-08-22 17:28:34,292 INFO sqlalchemy.engine.Engine ROLLBACK
2026-08-22 17:28:34,303 INFO sqlalchemy.engine.Engine BEGIN (implicit)
2026-08-22 17:28:34,303 INFO sqlalchemy.engine.Engine SELECT users.email, users.password_hash, users.name, users.last_seen_at, users.id, users.created_at 
FROM users 
WHERE users.id = %(id_1)s::UUID
2026-08-22 17:28:34,303 INFO sqlalchemy.engine.Engine [cached since 1.136s ago] {'id_1': UUID('e658cd02-67a9-4c61-a1ba-b164fa60c34d')}
2026-08-22 17:28:34,303 INFO sqlalchemy.engine.Engine SELECT workspace_members.workspace_id, workspace_members.user_id, workspace_members.role, workspace_members.id, workspace_members.created_at 
FROM workspace_members 
WHERE workspace_members.workspace_id = %(workspace_id_1)s::UUID AND workspace_members.user_id = %(user_id_1)s::UUID
2026-08-22 17:28:34,303 INFO sqlalchemy.engine.Engine [cached since 0.2019s ago] {'workspace_id_1': UUID('ab49b4b0-39d3-449c-9568-8b10935c4527'), 'user_id_1': UUID('e658cd02-67a9-4c61-a1ba-b164fa60c34d')}
2026-08-22 17:28:34,303 INFO sqlalchemy.engine.Engine SELECT users.email, users.password_hash, users.name, users.last_seen_at, users.id, users.created_at 
FROM users 
WHERE users.id = %(id_1)s::UUID
2026-08-22 17:28:34,303 INFO sqlalchemy.engine.Engine [cached since 1.141s ago] {'id_1': UUID('3483e955-ef20-4bb5-af27-139c39e56631')}
2026-08-22 17:28:34,303 INFO sqlalchemy.engine.Engine SELECT workspace_members.workspace_id, workspace_members.user_id, workspace_members.role, workspace_members.id, workspace_members.created_at 
FROM workspace_members 
WHERE workspace_members.workspace_id = %(workspace_id_1)s::UUID AND workspace_members.user_id = %(user_id_1)s::UUID
2026-08-22 17:28:34,303 INFO sqlalchemy.engine.Engine [cached since 0.2059s ago] {'workspace_id_1': UUID('ab49b4b0-39d3-449c-9568-8b10935c4527'), 'user_id_1': UUID('3483e955-ef20-4bb5-af27-139c39e56631')}
2026-08-22 17:28:34,316 INFO sqlalchemy.engine.Engine SELECT conversations.id 
FROM conversations JOIN conversation_participants ON conversation_participants.conversation_id = conversations.id 
WHERE conversations.type = %(type_1)s AND conversations.workspace_id = %(workspace_id_1)s::UUID AND conversation_participants.user_id IN (%(user_id_1_1)s::UUID, %(user_id_1_2)s::UUID) GROUP BY conversations.id 
HAVING count(conversation_participants.user_id) = %(count_1)s::INTEGER
2026-08-22 17:28:34,316 INFO sqlalchemy.engine.Engine [generated in 0.00048s] {'type_1': 'direct', 'workspace_id_1': UUID('ab49b4b0-39d3-449c-9568-8b10935c4527'), 'count_1': 2, 'user_id_1_1': UUID('e658cd02-67a9-4c61-a1ba-b164fa60c34d'), 'user_id_1_2': UUID('3483e955-ef20-4bb5-af27-139c39e56631')}
2026-08-22 17:28:34,318 INFO sqlalchemy.engine.Engine INSERT INTO conversations (workspace_id, user_id, title, type, id, created_at) VALUES (%(workspace_id)s::UUID, %(user_id)s::UUID, %(title)s::VARCHAR, %(type)s, %(id)s::UUID, %(created_at)s::TIMESTAMP WITH TIME ZONE)
2026-08-22 17:28:34,318 INFO sqlalchemy.engine.Engine [generated in 0.00023s] {'workspace_id': UUID('ab49b4b0-39d3-449c-9568-8b10935c4527'), 'user_id': UUID('e658cd02-67a9-4c61-a1ba-b164fa60c34d'), 'title': 'Direct message', 'type': 'direct', 'id': UUID('176f6d17-f5b6-4af6-b045-4762ad617c1a'), 'created_at': datetime.datetime(2026, 8, 22, 11, 58, 34, 318305, tzinfo=datetime.timezone.utc)}
2026-08-22 17:28:34,327 INFO sqlalchemy.engine.Engine INSERT INTO conversation_participants (conversation_id, user_id, id, created_at) VALUES (%(conversation_id__0)s::UUID, %(user_id__0)s::UUID, %(id__0)s::UUID, %(created_at__0)s::TIMESTAMP WITH TIME ZONE), (%(conversation_id__1)s::UUID, %(user_id__1)s::UUID, %(id__1)s::UUID, %(created_at__1)s::TIMESTAMP WITH TIME ZONE)
2026-08-22 17:28:34,327 INFO sqlalchemy.engine.Engine [generated in 0.00009s (insertmanyvalues) 1/1 (unordered)] {'conversation_id__0': UUID('176f6d17-f5b6-4af6-b045-4762ad617c1a'), 'created_at__0': datetime.datetime(2026, 8, 22, 11, 58, 34, 327944, tzinfo=datetime.timezone.utc), 'id__0': UUID('4cbeb5b1-94d0-4512-b485-06e497332977'), 'user_id__0': UUID('e658cd02-67a9-4c61-a1ba-b164fa60c34d'), 'conversation_id__1': UUID('176f6d17-f5b6-4af6-b045-4762ad617c1a'), 'created_at__1': datetime.datetime(2026, 8, 22, 11, 58, 34, 327944, tzinfo=datetime.timezone.utc), 'id__1': UUID('8a7a11b2-2eb1-46d7-8579-5109778690d2'), 'user_id__1': UUID('3483e955-ef20-4bb5-af27-139c39e56631')}
2026-08-22 17:28:34,331 INFO sqlalchemy.engine.Engine COMMIT
2026-08-22 17:28:34,336 INFO sqlalchemy.engine.Engine BEGIN (implicit)
2026-08-22 17:28:34,337 INFO sqlalchemy.engine.Engine SELECT conversation_participants.conversation_id, conversation_participants.user_id, conversation_participants.id, conversation_participants.created_at, users.email, users.password_hash, users.name, users.last_seen_at, users.id AS id_1, users.created_at AS created_at_1 
FROM conversation_participants JOIN users ON users.id = conversation_participants.user_id 
WHERE conversation_participants.conversation_id = %(conversation_id_1)s::UUID
2026-08-22 17:28:34,337 INFO sqlalchemy.engine.Engine [generated in 0.00024s] {'conversation_id_1': UUID('176f6d17-f5b6-4af6-b045-4762ad617c1a')}
2026-08-22 17:28:34,342 INFO sqlalchemy.engine.Engine SELECT messages.conversation_id, messages.sender_id, messages.role, messages.content, messages.citations, messages.id, messages.created_at 
FROM messages 
WHERE messages.conversation_id = %(conversation_id_1)s::UUID ORDER BY messages.created_at DESC 
 LIMIT %(param_1)s::INTEGER
2026-08-22 17:28:34,342 INFO sqlalchemy.engine.Engine [generated in 0.00023s] {'conversation_id_1': UUID('176f6d17-f5b6-4af6-b045-4762ad617c1a'), 'param_1': 1}
INFO:     127.0.0.1:63356 - "POST /api/v1/workspaces/ab49b4b0-39d3-449c-9568-8b10935c4527/team-chats/direct HTTP/1.1" 201 Created
2026-08-22 17:28:34,346 INFO sqlalchemy.engine.Engine ROLLBACK
2026-08-22 17:28:34,348 INFO sqlalchemy.engine.Engine BEGIN (implicit)
2026-08-22 17:28:34,349 INFO sqlalchemy.engine.Engine SELECT users.email, users.password_hash, users.name, users.last_seen_at, users.id, users.created_at 
FROM users 
WHERE users.id = %(id_1)s::UUID
2026-08-22 17:28:34,349 INFO sqlalchemy.engine.Engine [cached since 1.181s ago] {'id_1': UUID('e658cd02-67a9-4c61-a1ba-b164fa60c34d')}
2026-08-22 17:28:34,353 INFO sqlalchemy.engine.Engine SELECT workspace_members.workspace_id, workspace_members.user_id, workspace_members.role, workspace_members.id, workspace_members.created_at 
FROM workspace_members 
WHERE workspace_members.workspace_id = %(workspace_id_1)s::UUID AND workspace_members.user_id = %(user_id_1)s::UUID
2026-08-22 17:28:34,353 INFO sqlalchemy.engine.Engine [cached since 0.2474s ago] {'workspace_id_1': UUID('ab49b4b0-39d3-449c-9568-8b10935c4527'), 'user_id_1': UUID('e658cd02-67a9-4c61-a1ba-b164fa60c34d')}
2026-08-22 17:28:34,355 INFO sqlalchemy.engine.Engine SELECT users.email, users.password_hash, users.name, users.last_seen_at, users.id, users.created_at 
FROM users 
WHERE users.id = %(id_1)s::UUID
2026-08-22 17:28:34,355 INFO sqlalchemy.engine.Engine [cached since 1.187s ago] {'id_1': UUID('3483e955-ef20-4bb5-af27-139c39e56631')}
2026-08-22 17:28:34,357 INFO sqlalchemy.engine.Engine SELECT workspace_members.workspace_id, workspace_members.user_id, workspace_members.role, workspace_members.id, workspace_members.created_at 
FROM workspace_members 
WHERE workspace_members.workspace_id = %(workspace_id_1)s::UUID AND workspace_members.user_id = %(user_id_1)s::UUID
2026-08-22 17:28:34,357 INFO sqlalchemy.engine.Engine [cached since 0.2521s ago] {'workspace_id_1': UUID('ab49b4b0-39d3-449c-9568-8b10935c4527'), 'user_id_1': UUID('3483e955-ef20-4bb5-af27-139c39e56631')}
2026-08-22 17:28:34,360 INFO sqlalchemy.engine.Engine SELECT conversations.id 
FROM conversations JOIN conversation_participants ON conversation_participants.conversation_id = conversations.id 
WHERE conversations.type = %(type_1)s AND conversations.workspace_id = %(workspace_id_1)s::UUID AND conversation_participants.user_id IN (%(user_id_1_1)s::UUID, %(user_id_1_2)s::UUID) GROUP BY conversations.id 
HAVING count(conversation_participants.user_id) = %(count_1)s::INTEGER
2026-08-22 17:28:34,360 INFO sqlalchemy.engine.Engine [cached since 0.04466s ago] {'type_1': 'direct', 'workspace_id_1': UUID('ab49b4b0-39d3-449c-9568-8b10935c4527'), 'count_1': 2, 'user_id_1_1': UUID('e658cd02-67a9-4c61-a1ba-b164fa60c34d'), 'user_id_1_2': UUID('3483e955-ef20-4bb5-af27-139c39e56631')}
2026-08-22 17:28:34,364 INFO sqlalchemy.engine.Engine SELECT conversations.workspace_id AS conversations_workspace_id, conversations.user_id AS conversations_user_id, conversations.title AS conversations_title, conversations.type AS conversations_type, conversations.id AS conversations_id, conversations.created_at AS conversations_created_at 
FROM conversations 
WHERE conversations.id = %(pk_1)s::UUID
2026-08-22 17:28:34,364 INFO sqlalchemy.engine.Engine [generated in 0.00029s] {'pk_1': UUID('176f6d17-f5b6-4af6-b045-4762ad617c1a')}
2026-08-22 17:28:34,366 INFO sqlalchemy.engine.Engine SELECT conversation_participants.conversation_id, conversation_participants.user_id, conversation_participants.id, conversation_participants.created_at, users.email, users.password_hash, users.name, users.last_seen_at, users.id AS id_1, users.created_at AS created_at_1 
FROM conversation_participants JOIN users ON users.id = conversation_participants.user_id 
WHERE conversation_participants.conversation_id = %(conversation_id_1)s::UUID
2026-08-22 17:28:34,366 INFO sqlalchemy.engine.Engine [cached since 0.03126s ago] {'conversation_id_1': UUID('176f6d17-f5b6-4af6-b045-4762ad617c1a')}
2026-08-22 17:28:34,366 INFO sqlalchemy.engine.Engine SELECT messages.conversation_id, messages.sender_id, messages.role, messages.content, messages.citations, messages.id, messages.created_at 
FROM messages 
WHERE messages.conversation_id = %(conversation_id_1)s::UUID ORDER BY messages.created_at DESC 
 LIMIT %(param_1)s::INTEGER
2026-08-22 17:28:34,366 INFO sqlalchemy.engine.Engine [cached since 0.02964s ago] {'conversation_id_1': UUID('176f6d17-f5b6-4af6-b045-4762ad617c1a'), 'param_1': 1}
INFO:     127.0.0.1:63356 - "POST /api/v1/workspaces/ab49b4b0-39d3-449c-9568-8b10935c4527/team-chats/direct HTTP/1.1" 200 OK
2026-08-22 17:28:34,366 INFO sqlalchemy.engine.Engine ROLLBACK
2026-08-22 17:28:34,366 INFO sqlalchemy.engine.Engine BEGIN (implicit)
2026-08-22 17:28:34,366 INFO sqlalchemy.engine.Engine SELECT users.email, users.password_hash, users.name, users.last_seen_at, users.id, users.created_at 
FROM users 
WHERE users.id = %(id_1)s::UUID
2026-08-22 17:28:34,366 INFO sqlalchemy.engine.Engine [cached since 1.21s ago] {'id_1': UUID('e658cd02-67a9-4c61-a1ba-b164fa60c34d')}
2026-08-22 17:28:34,382 INFO sqlalchemy.engine.Engine SELECT conversations.workspace_id AS conversations_workspace_id, conversations.user_id AS conversations_user_id, conversations.title AS conversations_title, conversations.type AS conversations_type, conversations.id AS conversations_id, conversations.created_at AS conversations_created_at 
FROM conversations 
WHERE conversations.id = %(pk_1)s::UUID
2026-08-22 17:28:34,382 INFO sqlalchemy.engine.Engine [cached since 0.01758s ago] {'pk_1': UUID('176f6d17-f5b6-4af6-b045-4762ad617c1a')}
2026-08-22 17:28:34,384 INFO sqlalchemy.engine.Engine SELECT conversation_participants.conversation_id, conversation_participants.user_id, conversation_participants.id, conversation_participants.created_at 
FROM conversation_participants 
WHERE conversation_participants.conversation_id = %(conversation_id_1)s::UUID AND conversation_participants.user_id = %(user_id_1)s::UUID
2026-08-22 17:28:34,384 INFO sqlalchemy.engine.Engine [generated in 0.00035s] {'conversation_id_1': UUID('176f6d17-f5b6-4af6-b045-4762ad617c1a'), 'user_id_1': UUID('e658cd02-67a9-4c61-a1ba-b164fa60c34d')}
2026-08-22 17:28:34,384 INFO sqlalchemy.engine.Engine INSERT INTO messages (conversation_id, sender_id, role, content, id, created_at) VALUES (%(conversation_id)s::UUID, %(sender_id)s::UUID, %(role)s, %(content)s::VARCHAR, %(id)s::UUID, %(created_at)s::TIMESTAMP WITH TIME ZONE)
2026-08-22 17:28:34,384 INFO sqlalchemy.engine.Engine [generated in 0.00025s] {'conversation_id': UUID('176f6d17-f5b6-4af6-b045-4762ad617c1a'), 'sender_id': UUID('e658cd02-67a9-4c61-a1ba-b164fa60c34d'), 'role': 'user', 'content': 'hi Alice!', 'id': UUID('4dd49885-9dba-4320-9d38-edf7c8cb88b2'), 'created_at': datetime.datetime(2026, 8, 22, 11, 58, 34, 384436, tzinfo=datetime.timezone.utc)}
2026-08-22 17:28:34,384 INFO sqlalchemy.engine.Engine COMMIT
2026-08-22 17:28:34,384 INFO sqlalchemy.engine.Engine BEGIN (implicit)
2026-08-22 17:28:34,384 INFO sqlalchemy.engine.Engine SELECT messages.conversation_id, messages.sender_id, messages.role, messages.content, messages.citations, messages.id, messages.created_at 
FROM messages 
WHERE messages.id = %(pk_1)s::UUID
2026-08-22 17:28:34,384 INFO sqlalchemy.engine.Engine [generated in 0.00035s] {'pk_1': UUID('4dd49885-9dba-4320-9d38-edf7c8cb88b2')}
2026-08-22 17:28:34,400 INFO sqlalchemy.engine.Engine UPDATE users SET last_seen_at=%(last_seen_at)s::TIMESTAMP WITH TIME ZONE WHERE users.id = %(users_id)s::UUID
2026-08-22 17:28:34,400 INFO sqlalchemy.engine.Engine [cached since 0.1561s ago] {'last_seen_at': datetime.datetime(2026, 8, 22, 11, 58, 34, 400134, tzinfo=datetime.timezone.utc), 'users_id': UUID('e658cd02-67a9-4c61-a1ba-b164fa60c34d')}
2026-08-22 17:28:34,402 INFO sqlalchemy.engine.Engine COMMIT
INFO:     127.0.0.1:63356 - "POST /api/v1/team-chats/176f6d17-f5b6-4af6-b045-4762ad617c1a/messages HTTP/1.1" 201 Created
2026-08-22 17:28:34,408 INFO sqlalchemy.engine.Engine BEGIN (implicit)
2026-08-22 17:28:34,409 INFO sqlalchemy.engine.Engine SELECT users.email, users.password_hash, users.name, users.last_seen_at, users.id, users.created_at 
FROM users 
WHERE users.id = %(id_1)s::UUID
2026-08-22 17:28:34,409 INFO sqlalchemy.engine.Engine [cached since 1.241s ago] {'id_1': UUID('3483e955-ef20-4bb5-af27-139c39e56631')}
2026-08-22 17:28:34,413 INFO sqlalchemy.engine.Engine SELECT conversations.workspace_id AS conversations_workspace_id, conversations.user_id AS conversations_user_id, conversations.title AS conversations_title, conversations.type AS conversations_type, conversations.id AS conversations_id, conversations.created_at AS conversations_created_at 
FROM conversations 
WHERE conversations.id = %(pk_1)s::UUID
2026-08-22 17:28:34,413 INFO sqlalchemy.engine.Engine [cached since 0.04873s ago] {'pk_1': UUID('176f6d17-f5b6-4af6-b045-4762ad617c1a')}
2026-08-22 17:28:34,415 INFO sqlalchemy.engine.Engine SELECT conversation_participants.conversation_id, conversation_participants.user_id, conversation_participants.id, conversation_participants.created_at 
FROM conversation_participants 
WHERE conversation_participants.conversation_id = %(conversation_id_1)s::UUID AND conversation_participants.user_id = %(user_id_1)s::UUID
2026-08-22 17:28:34,415 INFO sqlalchemy.engine.Engine [cached since 0.03002s ago] {'conversation_id_1': UUID('176f6d17-f5b6-4af6-b045-4762ad617c1a'), 'user_id_1': UUID('3483e955-ef20-4bb5-af27-139c39e56631')}
2026-08-22 17:28:34,419 INFO sqlalchemy.engine.Engine SELECT messages.conversation_id, messages.sender_id, messages.role, messages.content, messages.citations, messages.id, messages.created_at 
FROM messages 
WHERE messages.conversation_id = %(conversation_id_1)s::UUID ORDER BY messages.created_at
2026-08-22 17:28:34,419 INFO sqlalchemy.engine.Engine [generated in 0.00027s] {'conversation_id_1': UUID('176f6d17-f5b6-4af6-b045-4762ad617c1a')}
INFO:     127.0.0.1:63356 - "GET /api/v1/team-chats/176f6d17-f5b6-4af6-b045-4762ad617c1a/messages HTTP/1.1" 200 OK
2026-08-22 17:28:34,422 INFO sqlalchemy.engine.Engine ROLLBACK
2026-08-22 17:28:34,426 INFO sqlalchemy.engine.Engine BEGIN (implicit)
2026-08-22 17:28:34,426 INFO sqlalchemy.engine.Engine SELECT users.email, users.password_hash, users.name, users.last_seen_at, users.id, users.created_at 
FROM users 
WHERE users.id = %(id_1)s::UUID
2026-08-22 17:28:34,426 INFO sqlalchemy.engine.Engine [cached since 1.258s ago] {'id_1': UUID('5df1835e-fd0e-4dc8-ab26-09fbcf030061')}
2026-08-22 17:28:34,430 INFO sqlalchemy.engine.Engine SELECT workspace_members.workspace_id, workspace_members.user_id, workspace_members.role, workspace_members.id, workspace_members.created_at 
FROM workspace_members 
WHERE workspace_members.workspace_id = %(workspace_id_1)s::UUID AND workspace_members.user_id = %(user_id_1)s::UUID
2026-08-22 17:28:34,430 INFO sqlalchemy.engine.Engine [cached since 0.324s ago] {'workspace_id_1': UUID('ab49b4b0-39d3-449c-9568-8b10935c4527'), 'user_id_1': UUID('5df1835e-fd0e-4dc8-ab26-09fbcf030061')}
2026-08-22 17:28:34,432 INFO sqlalchemy.engine.Engine SELECT workspace_members.user_id 
FROM workspace_members 
WHERE workspace_members.workspace_id = %(workspace_id_1)s::UUID AND workspace_members.user_id IN (%(user_id_1_1)s::UUID, %(user_id_1_2)s::UUID, %(user_id_1_3)s::UUID)
2026-08-22 17:28:34,432 INFO sqlalchemy.engine.Engine [generated in 0.00026s] {'workspace_id_1': UUID('ab49b4b0-39d3-449c-9568-8b10935c4527'), 'user_id_1_1': UUID('e658cd02-67a9-4c61-a1ba-b164fa60c34d'), 'user_id_1_2': UUID('3483e955-ef20-4bb5-af27-139c39e56631'), 'user_id_1_3': UUID('5df1835e-fd0e-4dc8-ab26-09fbcf030061')}
2026-08-22 17:28:34,433 INFO sqlalchemy.engine.Engine INSERT INTO conversations (workspace_id, user_id, title, type, id, created_at) VALUES (%(workspace_id)s::UUID, %(user_id)s::UUID, %(title)s::VARCHAR, %(type)s, %(id)s::UUID, %(created_at)s::TIMESTAMP WITH TIME ZONE)
2026-08-22 17:28:34,433 INFO sqlalchemy.engine.Engine [cached since 0.1105s ago] {'workspace_id': UUID('ab49b4b0-39d3-449c-9568-8b10935c4527'), 'user_id': UUID('5df1835e-fd0e-4dc8-ab26-09fbcf030061'), 'title': 'Standup', 'type': 'group', 'id': UUID('292b5e13-f635-40f6-b9d6-a5180f9d6c8b'), 'created_at': datetime.datetime(2026, 8, 22, 11, 58, 34, 433125, tzinfo=datetime.timezone.utc)}
2026-08-22 17:28:34,433 INFO sqlalchemy.engine.Engine INSERT INTO conversation_participants (conversation_id, user_id, id, created_at) VALUES (%(conversation_id__0)s::UUID, %(user_id__0)s::UUID, %(id__0)s::UUID, %(created_at__0)s::TIMESTAMP WITH TIME ZONE), (%(conversation_id__1)s::UUID, %(user_id__1)s::UUID, %(id__1)s::UUID, %(created_at__1)s::TIMESTAMP WITH TIME ZONE), (%(conversation_id__2)s::UUID, %(user_id__2)s::UUID, %(id__2)s::UUID, %(created_at__2)s::TIMESTAMP WITH TIME ZONE)
2026-08-22 17:28:34,433 INFO sqlalchemy.engine.Engine [cached since 0.1094s ago (insertmanyvalues) 1/1 (unordered)] {'conversation_id__0': UUID('292b5e13-f635-40f6-b9d6-a5180f9d6c8b'), 'created_at__0': datetime.datetime(2026, 8, 22, 11, 58, 34, 433125, tzinfo=datetime.timezone.utc), 'id__0': UUID('a534b938-e3ed-4f10-bdcf-e0980088ce02'), 'user_id__0': UUID('e658cd02-67a9-4c61-a1ba-b164fa60c34d'), 'conversation_id__1': UUID('292b5e13-f635-40f6-b9d6-a5180f9d6c8b'), 'created_at__1': datetime.datetime(2026, 8, 22, 11, 58, 34, 433125, tzinfo=datetime.timezone.utc), 'id__1': UUID('f7e36d7e-8dc5-4213-942b-bf5c2bbb67a0'), 'user_id__1': UUID('5df1835e-fd0e-4dc8-ab26-09fbcf030061'), 'conversation_id__2': UUID('292b5e13-f635-40f6-b9d6-a5180f9d6c8b'), 'created_at__2': datetime.datetime(2026, 8, 22, 11, 58, 34, 433125, tzinfo=datetime.timezone.utc), 'id__2': UUID('9a36c061-56b0-42d6-8a55-689a25dfab3e'), 'user_id__2': UUID('3483e955-ef20-4bb5-af27-139c39e56631')}
2026-08-22 17:28:34,433 INFO sqlalchemy.engine.Engine COMMIT
2026-08-22 17:28:34,433 INFO sqlalchemy.engine.Engine BEGIN (implicit)
2026-08-22 17:28:34,433 INFO sqlalchemy.engine.Engine SELECT conversation_participants.conversation_id, conversation_participants.user_id, conversation_participants.id, conversation_participants.created_at, users.email, users.password_hash, users.name, users.last_seen_at, users.id AS id_1, users.created_at AS created_at_1 
FROM conversation_participants JOIN users ON users.id = conversation_participants.user_id 
WHERE conversation_participants.conversation_id = %(conversation_id_1)s::UUID
2026-08-22 17:28:34,433 INFO sqlalchemy.engine.Engine [cached since 0.1063s ago] {'conversation_id_1': UUID('292b5e13-f635-40f6-b9d6-a5180f9d6c8b')}
2026-08-22 17:28:34,433 INFO sqlalchemy.engine.Engine SELECT messages.conversation_id, messages.sender_id, messages.role, messages.content, messages.citations, messages.id, messages.created_at 
FROM messages 
WHERE messages.conversation_id = %(conversation_id_1)s::UUID ORDER BY messages.created_at DESC 
 LIMIT %(param_1)s::INTEGER
2026-08-22 17:28:34,433 INFO sqlalchemy.engine.Engine [cached since 0.1049s ago] {'conversation_id_1': UUID('292b5e13-f635-40f6-b9d6-a5180f9d6c8b'), 'param_1': 1}
INFO:     127.0.0.1:63356 - "POST /api/v1/workspaces/ab49b4b0-39d3-449c-9568-8b10935c4527/team-chats/group HTTP/1.1" 201 Created
2026-08-22 17:28:34,449 INFO sqlalchemy.engine.Engine ROLLBACK
2026-08-22 17:28:34,451 INFO sqlalchemy.engine.Engine BEGIN (implicit)
2026-08-22 17:28:34,451 INFO sqlalchemy.engine.Engine SELECT users.email, users.password_hash, users.name, users.last_seen_at, users.id, users.created_at 
FROM users 
WHERE users.id = %(id_1)s::UUID
2026-08-22 17:28:34,451 INFO sqlalchemy.engine.Engine [cached since 1.284s ago] {'id_1': UUID('3483e955-ef20-4bb5-af27-139c39e56631')}
2026-08-22 17:28:34,451 INFO sqlalchemy.engine.Engine SELECT workspace_members.workspace_id, workspace_members.user_id, workspace_members.role, workspace_members.id, workspace_members.created_at 
FROM workspace_members 
WHERE workspace_members.workspace_id = %(workspace_id_1)s::UUID AND workspace_members.user_id = %(user_id_1)s::UUID
2026-08-22 17:28:34,451 INFO sqlalchemy.engine.Engine [cached since 0.3498s ago] {'workspace_id_1': UUID('ab49b4b0-39d3-449c-9568-8b10935c4527'), 'user_id_1': UUID('3483e955-ef20-4bb5-af27-139c39e56631')}
2026-08-22 17:28:34,451 INFO sqlalchemy.engine.Engine SELECT conversations.workspace_id, conversations.user_id, conversations.title, conversations.type, conversations.id, conversations.created_at 
FROM conversations 
WHERE conversations.workspace_id = %(workspace_id_1)s::UUID AND conversations.type != %(type_1)s AND conversations.id IN (SELECT conversation_participants.conversation_id 
FROM conversation_participants 
WHERE conversation_participants.user_id = %(user_id_1)s::UUID) ORDER BY conversations.created_at DESC
2026-08-22 17:28:34,451 INFO sqlalchemy.engine.Engine [generated in 0.00023s] {'workspace_id_1': UUID('ab49b4b0-39d3-449c-9568-8b10935c4527'), 'type_1': 'docs_qa', 'user_id_1': UUID('3483e955-ef20-4bb5-af27-139c39e56631')}
2026-08-22 17:28:34,451 INFO sqlalchemy.engine.Engine SELECT conversation_participants.conversation_id, conversation_participants.user_id, conversation_participants.id, conversation_participants.created_at, users.email, users.password_hash, users.name, users.last_seen_at, users.id AS id_1, users.created_at AS created_at_1 
FROM conversation_participants JOIN users ON users.id = conversation_participants.user_id 
WHERE conversation_participants.conversation_id = %(conversation_id_1)s::UUID
2026-08-22 17:28:34,451 INFO sqlalchemy.engine.Engine [cached since 0.1251s ago] {'conversation_id_1': UUID('292b5e13-f635-40f6-b9d6-a5180f9d6c8b')}
2026-08-22 17:28:34,451 INFO sqlalchemy.engine.Engine SELECT messages.conversation_id, messages.sender_id, messages.role, messages.content, messages.citations, messages.id, messages.created_at 
FROM messages 
WHERE messages.conversation_id = %(conversation_id_1)s::UUID ORDER BY messages.created_at DESC 
 LIMIT %(param_1)s::INTEGER
2026-08-22 17:28:34,451 INFO sqlalchemy.engine.Engine [cached since 0.1232s ago] {'conversation_id_1': UUID('292b5e13-f635-40f6-b9d6-a5180f9d6c8b'), 'param_1': 1}
2026-08-22 17:28:34,468 INFO sqlalchemy.engine.Engine SELECT conversation_participants.conversation_id, conversation_participants.user_id, conversation_participants.id, conversation_participants.created_at, users.email, users.password_hash, users.name, users.last_seen_at, users.id AS id_1, users.created_at AS created_at_1 
FROM conversation_participants JOIN users ON users.id = conversation_participants.user_id 
WHERE conversation_participants.conversation_id = %(conversation_id_1)s::UUID
2026-08-22 17:28:34,468 INFO sqlalchemy.engine.Engine [cached since 0.1316s ago] {'conversation_id_1': UUID('176f6d17-f5b6-4af6-b045-4762ad617c1a')}
2026-08-22 17:28:34,470 INFO sqlalchemy.engine.Engine SELECT messages.conversation_id, messages.sender_id, messages.role, messages.content, messages.citations, messages.id, messages.created_at 
FROM messages 
WHERE messages.conversation_id = %(conversation_id_1)s::UUID ORDER BY messages.created_at DESC 
 LIMIT %(param_1)s::INTEGER
2026-08-22 17:28:34,471 INFO sqlalchemy.engine.Engine [cached since 0.1297s ago] {'conversation_id_1': UUID('176f6d17-f5b6-4af6-b045-4762ad617c1a'), 'param_1': 1}
INFO:     127.0.0.1:63356 - "GET /api/v1/workspaces/ab49b4b0-39d3-449c-9568-8b10935c4527/team-chats HTTP/1.1" 200 OK
2026-08-22 17:28:34,473 INFO sqlalchemy.engine.Engine ROLLBACK
